#-----------------------------------------------------------
# Vivado v2016.4 (64-bit)
# SW Build 1756540 on Mon Jan 23 19:11:23 MST 2017
# IP Build 1755317 on Mon Jan 23 20:30:07 MST 2017
# Start of session at: Fri Aug 04 08:36:48 2017
# Process ID: 5588
# Current directory: D:/Projects/VivadoProject/XC7A35TFTG256_1/templete/NewBaseExample
# Command line: vivado.exe -gui_launcher_event rodinguilauncherevent8152 D:\Projects\VivadoProject\XC7A35TFTG256_1\templete\NewBaseExample\NewBase.xpr
# Log file: D:/Projects/VivadoProject/XC7A35TFTG256_1/templete/NewBaseExample/vivado.log
# Journal file: D:/Projects/VivadoProject/XC7A35TFTG256_1/templete/NewBaseExample\vivado.jou
#-----------------------------------------------------------
start_gui
open_project D:/Projects/VivadoProject/XC7A35TFTG256_1/templete/NewBaseExample/NewBase.xpr
reset_run synth_1
launch_runs impl_1 -to_step write_bitstream -jobs 4
wait_on_run impl_1
open_hw
disconnect_hw_server localhost:3121
connect_hw_server -url localhost:3121
current_hw_target [get_hw_targets */xilinx_tcf/Xilinx/00000000000000]
set_property PARAM.FREQUENCY 6000000 [get_hw_targets */xilinx_tcf/Xilinx/00000000000000]
open_hw_target
set_property PROGRAM.FILE {D:/Projects/VivadoProject/XC7A35TFTG256_1/templete/NewBaseExample/NewBase.runs/impl_1/top.bit} [lindex [get_hw_devices xc7a35t_0] 0]
current_hw_device [lindex [get_hw_devices xc7a35t_0] 0]
refresh_hw_device -update_hw_probes false [lindex [get_hw_devices xc7a35t_0] 0]
set_property PROBES.FILE {} [lindex [get_hw_devices xc7a35t_0] 0]
set_property PROGRAM.FILE {D:/Projects/VivadoProject/XC7A35TFTG256_1/templete/NewBaseExample/NewBase.runs/impl_1/top.bit} [lindex [get_hw_devices xc7a35t_0] 0]
program_hw_devices [lindex [get_hw_devices xc7a35t_0] 0]
refresh_hw_device [lindex [get_hw_devices xc7a35t_0] 0]
