#-----------------------------------------------------------
# Vivado v2016.4 (64-bit)
# SW Build 1756540 on Mon Jan 23 19:11:23 MST 2017
# IP Build 1755317 on Mon Jan 23 20:30:07 MST 2017
# Start of session at: Tue Aug 08 15:10:34 2017
# Process ID: 14080
# Current directory: D:/Projects/Module/SPI/spiMasterNew/SPIExample
# Command line: vivado.exe -gui_launcher_event rodinguilauncherevent14176 D:\Projects\Module\SPI\spiMasterNew\SPIExample\NewBase.xpr
# Log file: D:/Projects/Module/SPI/spiMasterNew/SPIExample/vivado.log
# Journal file: D:/Projects/Module/SPI/spiMasterNew/SPIExample\vivado.jou
#-----------------------------------------------------------
start_gui
open_project D:/Projects/Module/SPI/spiMasterNew/SPIExample/NewBase.xpr
close [ open D:/Projects/Module/SPI/spiMasterNew/SPIExample/NewBase.srcs/sources_1/new/SPIiMaster.v w ]
add_files D:/Projects/Module/SPI/spiMasterNew/SPIExample/NewBase.srcs/sources_1/new/SPIiMaster.v
update_compile_order -fileset sources_1
update_compile_order -fileset sim_1
close [ open D:/Projects/Module/SPI/spiMasterNew/SPIExample/NewBase.srcs/sources_1/new/ads7883.v w ]
add_files D:/Projects/Module/SPI/spiMasterNew/SPIExample/NewBase.srcs/sources_1/new/ads7883.v
reset_run synth_1
launch_runs impl_1 -to_step write_bitstream -jobs 4
wait_on_run impl_1
open_hw
disconnect_hw_server localhost:3121
disconnect_hw_server localhost:3121
connect_hw_server -url localhost:3121
current_hw_target [get_hw_targets */xilinx_tcf/Xilinx/00000000000000]
set_property PARAM.FREQUENCY 6000000 [get_hw_targets */xilinx_tcf/Xilinx/00000000000000]
open_hw_target
set_property PROGRAM.FILE {D:/Projects/Module/SPI/spiMasterNew/SPIExample/NewBase.runs/impl_1/top.bit} [lindex [get_hw_devices xc7a35t_0] 0]
current_hw_device [lindex [get_hw_devices xc7a35t_0] 0]
refresh_hw_device -update_hw_probes false [lindex [get_hw_devices xc7a35t_0] 0]
set_property PROBES.FILE {} [lindex [get_hw_devices xc7a35t_0] 0]
set_property PROGRAM.FILE {D:/Projects/Module/SPI/spiMasterNew/SPIExample/NewBase.runs/impl_1/top.bit} [lindex [get_hw_devices xc7a35t_0] 0]
program_hw_devices [lindex [get_hw_devices xc7a35t_0] 0]
refresh_hw_device [lindex [get_hw_devices xc7a35t_0] 0]
set_property PROBES.FILE {} [lindex [get_hw_devices xc7a35t_0] 0]
set_property PROGRAM.FILE {D:/Projects/Module/SPI/spiMasterNew/SPIExample/NewBase.runs/impl_1/top.bit} [lindex [get_hw_devices xc7a35t_0] 0]
program_hw_devices [lindex [get_hw_devices xc7a35t_0] 0]
refresh_hw_device [lindex [get_hw_devices xc7a35t_0] 0]
disconnect_hw_server localhost:3121
disconnect_hw_server localhost:3121
connect_hw_server -url localhost:3121
current_hw_target [get_hw_targets */xilinx_tcf/Xilinx/00000000000000]
set_property PARAM.FREQUENCY 6000000 [get_hw_targets */xilinx_tcf/Xilinx/00000000000000]
open_hw_target
set_property PROGRAM.FILE {D:/Projects/Module/SPI/spiMasterNew/SPIExample/NewBase.runs/impl_1/top.bit} [lindex [get_hw_devices xc7a35t_0] 0]
current_hw_device [lindex [get_hw_devices xc7a35t_0] 0]
refresh_hw_device -update_hw_probes false [lindex [get_hw_devices xc7a35t_0] 0]
set_property PROBES.FILE {} [lindex [get_hw_devices xc7a35t_0] 0]
set_property PROGRAM.FILE {D:/Projects/Module/SPI/spiMasterNew/SPIExample/NewBase.runs/impl_1/top.bit} [lindex [get_hw_devices xc7a35t_0] 0]
program_hw_devices [lindex [get_hw_devices xc7a35t_0] 0]
refresh_hw_device [lindex [get_hw_devices xc7a35t_0] 0]
reset_run synth_1
launch_runs impl_1 -to_step write_bitstream -jobs 4
wait_on_run impl_1
open_run impl_1
set_property PROBES.FILE {} [lindex [get_hw_devices xc7a35t_0] 0]
set_property PROGRAM.FILE {D:/Projects/Module/SPI/spiMasterNew/SPIExample/NewBase.runs/impl_1/top.bit} [lindex [get_hw_devices xc7a35t_0] 0]
program_hw_devices [lindex [get_hw_devices xc7a35t_0] 0]
refresh_hw_device [lindex [get_hw_devices xc7a35t_0] 0]
set_property PROBES.FILE {} [lindex [get_hw_devices xc7a35t_0] 0]
set_property PROGRAM.FILE {D:/Projects/Module/SPI/spiMasterNew/SPIExample/NewBase.runs/impl_1/top.bit} [lindex [get_hw_devices xc7a35t_0] 0]
program_hw_devices [lindex [get_hw_devices xc7a35t_0] 0]
refresh_hw_device [lindex [get_hw_devices xc7a35t_0] 0]
set_property PROBES.FILE {} [lindex [get_hw_devices xc7a35t_0] 0]
set_property PROGRAM.FILE {D:/Projects/Module/SPI/spiMasterNew/SPIExample/NewBase.runs/impl_1/top.bit} [lindex [get_hw_devices xc7a35t_0] 0]
program_hw_devices [lindex [get_hw_devices xc7a35t_0] 0]
refresh_hw_device [lindex [get_hw_devices xc7a35t_0] 0]
set_property PROBES.FILE {} [lindex [get_hw_devices xc7a35t_0] 0]
set_property PROGRAM.FILE {D:/Projects/Module/SPI/spiMasterNew/SPIExample/NewBase.runs/impl_1/top.bit} [lindex [get_hw_devices xc7a35t_0] 0]
program_hw_devices [lindex [get_hw_devices xc7a35t_0] 0]
refresh_hw_device [lindex [get_hw_devices xc7a35t_0] 0]
set_property PROBES.FILE {} [lindex [get_hw_devices xc7a35t_0] 0]
set_property PROGRAM.FILE {D:/Projects/Module/SPI/spiMasterNew/SPIExample/NewBase.runs/impl_1/top.bit} [lindex [get_hw_devices xc7a35t_0] 0]
program_hw_devices [lindex [get_hw_devices xc7a35t_0] 0]
refresh_hw_device [lindex [get_hw_devices xc7a35t_0] 0]
reset_run synth_1
launch_runs impl_1 -to_step write_bitstream -jobs 4
wait_on_run impl_1
disconnect_hw_server localhost:3121
disconnect_hw_server localhost:3121
disconnect_hw_server localhost:3121
connect_hw_server -url localhost:3121
current_hw_target [get_hw_targets */xilinx_tcf/Xilinx/00000000000000]
set_property PARAM.FREQUENCY 6000000 [get_hw_targets */xilinx_tcf/Xilinx/00000000000000]
open_hw_target
set_property PROGRAM.FILE {D:/Projects/Module/SPI/spiMasterNew/SPIExample/NewBase.runs/impl_1/top.bit} [lindex [get_hw_devices xc7a35t_0] 0]
current_hw_device [lindex [get_hw_devices xc7a35t_0] 0]
refresh_hw_device -update_hw_probes false [lindex [get_hw_devices xc7a35t_0] 0]
set_property PROBES.FILE {} [lindex [get_hw_devices xc7a35t_0] 0]
set_property PROGRAM.FILE {D:/Projects/Module/SPI/spiMasterNew/SPIExample/NewBase.runs/impl_1/top.bit} [lindex [get_hw_devices xc7a35t_0] 0]
program_hw_devices [lindex [get_hw_devices xc7a35t_0] 0]
refresh_hw_device [lindex [get_hw_devices xc7a35t_0] 0]
set_property PROBES.FILE {} [lindex [get_hw_devices xc7a35t_0] 0]
set_property PROGRAM.FILE {D:/Projects/Module/SPI/spiMasterNew/SPIExample/NewBase.runs/impl_1/top.bit} [lindex [get_hw_devices xc7a35t_0] 0]
program_hw_devices [lindex [get_hw_devices xc7a35t_0] 0]
refresh_hw_device [lindex [get_hw_devices xc7a35t_0] 0]
reset_run synth_1
launch_runs impl_1 -to_step write_bitstream -jobs 4
wait_on_run impl_1
set_property PROBES.FILE {} [lindex [get_hw_devices xc7a35t_0] 0]
set_property PROGRAM.FILE {D:/Projects/Module/SPI/spiMasterNew/SPIExample/NewBase.runs/impl_1/top.bit} [lindex [get_hw_devices xc7a35t_0] 0]
program_hw_devices [lindex [get_hw_devices xc7a35t_0] 0]
refresh_hw_device [lindex [get_hw_devices xc7a35t_0] 0]
set_property PROBES.FILE {} [lindex [get_hw_devices xc7a35t_0] 0]
set_property PROGRAM.FILE {D:/Projects/Module/SPI/spiMasterNew/SPIExample/NewBase.runs/impl_1/top.bit} [lindex [get_hw_devices xc7a35t_0] 0]
program_hw_devices [lindex [get_hw_devices xc7a35t_0] 0]
refresh_hw_device [lindex [get_hw_devices xc7a35t_0] 0]
set_property PROBES.FILE {} [lindex [get_hw_devices xc7a35t_0] 0]
set_property PROGRAM.FILE {D:/Projects/Module/SPI/spiMasterNew/SPIExample/NewBase.runs/impl_1/top.bit} [lindex [get_hw_devices xc7a35t_0] 0]
program_hw_devices [lindex [get_hw_devices xc7a35t_0] 0]
refresh_hw_device [lindex [get_hw_devices xc7a35t_0] 0]
reset_run synth_1
launch_runs impl_1 -to_step write_bitstream -jobs 4
wait_on_run impl_1
set_property PROBES.FILE {} [lindex [get_hw_devices xc7a35t_0] 0]
set_property PROGRAM.FILE {D:/Projects/Module/SPI/spiMasterNew/SPIExample/NewBase.runs/impl_1/top.bit} [lindex [get_hw_devices xc7a35t_0] 0]
program_hw_devices [lindex [get_hw_devices xc7a35t_0] 0]
refresh_hw_device [lindex [get_hw_devices xc7a35t_0] 0]
reset_run synth_1
launch_runs impl_1 -to_step write_bitstream -jobs 4
wait_on_run impl_1
set_property PROBES.FILE {} [lindex [get_hw_devices xc7a35t_0] 0]
set_property PROGRAM.FILE {D:/Projects/Module/SPI/spiMasterNew/SPIExample/NewBase.runs/impl_1/top.bit} [lindex [get_hw_devices xc7a35t_0] 0]
program_hw_devices [lindex [get_hw_devices xc7a35t_0] 0]
refresh_hw_device [lindex [get_hw_devices xc7a35t_0] 0]
